// Jest Snapshot v1, https://goo.gl/fbAQLP

exports[`DogProfile should do something 1`] = `ReactWrapper {}`;

exports[`DogProfile should map the snapshot 1`] = `ShallowWrapper {}`;

exports[`DogProfile should render dog 1`] = `ReactWrapper {}`;

exports[`DogProfile should render loading state initially 1`] = `ShallowWrapper {}`;
